nmap -p80 -Pn -oG - 10.1.1.0/24 | awk '/open/{print $2 " " $3}'
10.1.1.72 (userA.corp.foocompany.biz)
10.1.1.73 (userB.corp.foocompany.biz)
10.1.1.75 (userC.corp.foocompany.biz)
10.1.1.149 (admin.corp.foocompany.biz)
10.1.1.152 (printer.corp.foocompany.biz)
10.1.1.160 (10-1-1-160.foocompany.biz)
10.1.1.161 (10-1-1-161.foocompany.biz)
10.1.1.201 (10-1-1-201.foocompany.biz)
10.1.1.254 (10-1-1-254.foocompany.biz)


	
mhubbard@1S1K-SYS76:~/Dropbox/Python/Scripts$ sudo nmap -p 515,631,9100 -oG - 10.52.8.0/21 | gawk '/open/{print $2}' 
[sudo] password for mhubbard: 
10.52.8.22
10.52.10.8
10.52.10.11
10.52.10.13
10.52.10.14
10.52.10.21
10.52.10.24
10.52.10.26
10.52.10.33
10.52.10.39
10.52.10.41
10.52.10.44
10.52.10.57
10.52.10.62
10.52.10.84
10.52.10.85
10.52.10.88
10.52.10.89
10.52.10.137
mhubbard@1S1K-SYS76:~/Dropbox/Python/Scripts$ sudo nmap -p 515,631,9100 -oG - 10.52.8.22
# Nmap 7.50 scan initiated Tue Jun 27 20:15:29 2017 as: nmap -p 515,631,9100 -oG - 10.52.8.22
Host: 10.52.8.22 ()	Status: Up
Host: 10.52.8.22 ()	Ports: 515/open/tcp//printer///, 631/open/tcp//ipp///, 9100/open/tcp//jetdirect///
# Nmap done at Tue Jun 27 20:15:42 2017 -- 1 IP address (1 host up) scanned in 13.21 seconds
mhubbard@1S1K-SYS76:~/Dropbox/Python/Scripts$ sudo nmap -sP -oG - 10.52.8.22
# Nmap 7.50 scan initiated Tue Jun 27 20:16:36 2017 as: nmap -sP -oG - 10.52.8.22
Host: 10.52.8.22 ()	Status: Up
# Nmap done at Tue Jun 27 20:16:49 2017 -- 1 IP address (1 host up) scanned in 13.10 seconds
mhubbard@1S1K-SYS76:~/Dropbox/Python/Scripts$ sudo nmap -oG - 10.52.8.22
# Nmap 7.50 scan initiated Tue Jun 27 20:17:03 2017 as: nmap -oG - 10.52.8.22
Host: 10.52.8.22 ()	Status: Up
Host: 10.52.8.22 ()	Ports: 80/open/tcp//http///, 139/open/tcp//netbios-ssn///, 443/open/tcp//https///, 445/open/tcp//microsoft-ds///, 515/open/tcp//printer///, 631/open/tcp//ipp///, 8080/open/tcp//http-proxy///, 9100/open/tcp//jetdirect///, 9220/open/tcp//unknown///	Ignored State: closed (991)
# Nmap done at Tue Jun 27 20:17:18 2017 -- 1 IP address (1 host up) scanned in 14.32 seconds
mhubbard@1S1K-SYS76:~/Dropbox/Python/Scripts$ sudo nmap -oG 10.52.8.22

Starting Nmap 7.50 ( https://nmap.org ) at 2017-06-27 20:17 PDT
WARNING: No targets were specified, so 0 hosts scanned.
Nmap done: 0 IP addresses (0 hosts up) scanned in 0.05 seconds
mhubbard@1S1K-SYS76:~/Dropbox/Python/Scripts$ sudo nmap -oG - 10.52.8.22
# Nmap 7.50 scan initiated Tue Jun 27 20:17:46 2017 as: nmap -oG - 10.52.8.22
mhubbard@1S1K-SYS76:~/Dropbox/Python/Scripts$ sudo nmap 10.52.8.22

Starting Nmap 7.50 ( https://nmap.org ) at 2017-06-27 20:18 PDT
Nmap scan report for 10.52.8.22
Host is up (0.0013s latency).
Not shown: 991 closed ports
PORT     STATE SERVICE
80/tcp   open  http
139/tcp  open  netbios-ssn
443/tcp  open  https
445/tcp  open  microsoft-ds
515/tcp  open  printer
631/tcp  open  ipp
8080/tcp open  http-proxy
9100/tcp open  jetdirect
9220/tcp open  unknown
MAC Address: 58:20:B1:DF:E4:0F (Hewlett Packard)

Nmap done: 1 IP address (1 host up) scanned in 14.35 seconds
mhubbard@1S1K-SYS76:~/Dropbox/Python/Scripts$ sudo nmap 10.52.8.22 -oG | gawk | gawk '/MAC/{print $3}'
Usage: gawk [POSIX or GNU style options] -f progfile [--] file ...
Usage: gawk [POSIX or GNU style options] [--] 'program' file ...
POSIX options:		GNU long options: (standard)
	-f progfile		--file=progfile
	-F fs			--field-separator=fs
	-v var=val		--assign=var=val
Short options:		GNU long options: (extensions)
	-b			--characters-as-bytes
	-c			--traditional
	-C			--copyright
	-d[file]		--dump-variables[=file]
	-e 'program-text'	--source='program-text'
	-E file			--exec=file
	-g			--gen-pot
	-h			--help
	-L [fatal]		--lint[=fatal]
	-n			--non-decimal-data
	-N			--use-lc-numeric
	-O			--optimize
	-p[file]		--profile[=file]
	-P			--posix
	-r			--re-interval
	-S			--sandbox
	-t			--lint-old
	-V			--version

To report bugs, see node `Bugs' in `gawk.info', which is
section `Reporting Problems and Bugs' in the printed version.

gawk is a pattern scanning and processing language.
By default it reads standard input and writes standard output.

Examples:
	gawk '{ sum += $1 }; END { print sum }' file
	gawk -F: '{ print $1 }' /etc/passwd
nmap: option '--oG' requires an argument
See the output of nmap -h for a summary of options.
mhubbard@1S1K-SYS76:~/Dropbox/Python/Scripts$ sudo nmap 10.52.8.22 -oG | gawk '/MAC/{print $3}'
nmap: option '--oG' requires an argument
See the output of nmap -h for a summary of options.
mhubbard@1S1K-SYS76:~/Dropbox/Python/Scripts$ sudo nmap 10.52.8.22 -oG - | gawk '/MAC/{print $3}'
mhubbard@1S1K-SYS76:~/Dropbox/Python/Scripts$ sudo nmap 10.52.8.22 -oG - 
# Nmap 7.50 scan initiated Tue Jun 27 20:20:49 2017 as: nmap -oG - 10.52.8.22
Host: 10.52.8.22 ()	Status: Up
Host: 10.52.8.22 ()	Ports: 80/open/tcp//http///, 139/open/tcp//netbios-ssn///, 443/open/tcp//https///, 445/open/tcp//microsoft-ds///, 515/open/tcp//printer///, 631/open/tcp//ipp///, 8080/open/tcp//http-proxy///, 9100/open/tcp//jetdirect///, 9220/open/tcp//unknown///	Ignored State: closed (991)
# Nmap done at Tue Jun 27 20:21:03 2017 -- 1 IP address (1 host up) scanned in 14.34 seconds
mhubbard@1S1K-SYS76:~/Dropbox/Python/Scripts$ sudo nmap 10.52.8.22 -ox - 

Starting Nmap 7.50 ( https://nmap.org ) at 2017-06-27 20:25 PDT
Failed to resolve "-".
mhubbard@1S1K-SYS76:~/Dropbox/Python/Scripts$ sudo nmap 10.52.8.22 -oX - 
<?xml version="1.0" encoding="UTF-8"?>
<!DOCTYPE nmaprun>
<?xml-stylesheet href="file:///usr/local/bin/../share/nmap/nmap.xsl" type="text/xsl"?>
<!-- Nmap 7.50 scan initiated Tue Jun 27 20:25:23 2017 as: nmap -oX - 10.52.8.22 -->
<nmaprun scanner="nmap" args="nmap -oX - 10.52.8.22" start="1498620323" startstr="Tue Jun 27 20:25:23 2017" version="7.50" xmloutputversion="1.04">
<scaninfo type="syn" protocol="tcp" numservices="1000" services="1,3-4,6-7,9,13,17,19-26,30,32-33,37,42-43,49,53,70,79-85,88-90,99-100,106,109-111,113,119,125,135,139,143-144,146,161,163,179,199,211-212,222,254-256,259,264,280,301,306,311,340,366,389,406-407,416-417,425,427,443-445,458,464-465,481,497,500,512-515,524,541,543-545,548,554-555,563,587,593,616-617,625,631,636,646,648,666-668,683,687,691,700,705,711,714,720,722,726,749,765,777,783,787,800-801,808,843,873,880,888,898,900-903,911-912,981,987,990,992-993,995,999-1002,1007,1009-1011,1021-1100,1102,1104-1108,1110-1114,1117,1119,1121-1124,1126,1130-1132,1137-1138,1141,1145,1147-1149,1151-1152,1154,1163-1166,1169,1174-1175,1183,1185-1187,1192,1198-1199,1201,1213,1216-1218,1233-1234,1236,1244,1247-1248,1259,1271-1272,1277,1287,1296,1300-1301,1309-1311,1322,1328,1334,1352,1417,1433-1434,1443,1455,1461,1494,1500-1501,1503,1521,1524,1533,1556,1580,1583,1594,1600,1641,1658,1666,1687-1688,1700,1717-1721,1723,1755,1761,1782-1783,1801,1805,1812,1839-1840,1862-1864,1875,1900,1914,1935,1947,1971-1972,1974,1984,1998-2010,2013,2020-2022,2030,2033-2035,2038,2040-2043,2045-2049,2065,2068,2099-2100,2103,2105-2107,2111,2119,2121,2126,2135,2144,2160-2161,2170,2179,2190-2191,2196,2200,2222,2251,2260,2288,2301,2323,2366,2381-2383,2393-2394,2399,2401,2492,2500,2522,2525,2557,2601-2602,2604-2605,2607-2608,2638,2701-2702,2710,2717-2718,2725,2800,2809,2811,2869,2875,2909-2910,2920,2967-2968,2998,3000-3001,3003,3005-3007,3011,3013,3017,3030-3031,3052,3071,3077,3128,3168,3211,3221,3260-3261,3268-3269,3283,3300-3301,3306,3322-3325,3333,3351,3367,3369-3372,3389-3390,3404,3476,3493,3517,3527,3546,3551,3580,3659,3689-3690,3703,3737,3766,3784,3800-3801,3809,3814,3826-3828,3851,3869,3871,3878,3880,3889,3905,3914,3918,3920,3945,3971,3986,3995,3998,4000-4006,4045,4111,4125-4126,4129,4224,4242,4279,4321,4343,4443-4446,4449,4550,4567,4662,4848,4899-4900,4998,5000-5004,5009,5030,5033,5050-5051,5054,5060-5061,5080,5087,5100-5102,5120,5190,5200,5214,5221-5222,5225-5226,5269,5280,5298,5357,5405,5414,5431-5432,5440,5500,5510,5544,5550,5555,5560,5566,5631,5633,5666,5678-5679,5718,5730,5800-5802,5810-5811,5815,5822,5825,5850,5859,5862,5877,5900-5904,5906-5907,5910-5911,5915,5922,5925,5950,5952,5959-5963,5987-5989,5998-6007,6009,6025,6059,6100-6101,6106,6112,6123,6129,6156,6346,6389,6502,6510,6543,6547,6565-6567,6580,6646,6666-6669,6689,6692,6699,6779,6788-6789,6792,6839,6881,6901,6969,7000-7002,7004,7007,7019,7025,7070,7100,7103,7106,7200-7201,7402,7435,7443,7496,7512,7625,7627,7676,7741,7777-7778,7800,7911,7920-7921,7937-7938,7999-8002,8007-8011,8021-8022,8031,8042,8045,8080-8090,8093,8099-8100,8180-8181,8192-8194,8200,8222,8254,8290-8292,8300,8333,8383,8400,8402,8443,8500,8600,8649,8651-8652,8654,8701,8800,8873,8888,8899,8994,9000-9003,9009-9011,9040,9050,9071,9080-9081,9090-9091,9099-9103,9110-9111,9200,9207,9220,9290,9415,9418,9485,9500,9502-9503,9535,9575,9593-9595,9618,9666,9876-9878,9898,9900,9917,9929,9943-9944,9968,9998-10004,10009-10010,10012,10024-10025,10082,10180,10215,10243,10566,10616-10617,10621,10626,10628-10629,10778,11110-11111,11967,12000,12174,12265,12345,13456,13722,13782-13783,14000,14238,14441-14442,15000,15002-15004,15660,15742,16000-16001,16012,16016,16018,16080,16113,16992-16993,17877,17988,18040,18101,18988,19101,19283,19315,19350,19780,19801,19842,20000,20005,20031,20221-20222,20828,21571,22939,23502,24444,24800,25734-25735,26214,27000,27352-27353,27355-27356,27715,28201,30000,30718,30951,31038,31337,32768-32785,33354,33899,34571-34573,35500,38292,40193,40911,41511,42510,44176,44442-44443,44501,45100,48080,49152-49161,49163,49165,49167,49175-49176,49400,49999-50003,50006,50300,50389,50500,50636,50800,51103,51493,52673,52822,52848,52869,54045,54328,55055-55056,55555,55600,56737-56738,57294,57797,58080,60020,60443,61532,61900,62078,63331,64623,64680,65000,65129,65389"/>
<verbose level="0"/>
<debugging level="0"/>
<host starttime="1498620323" endtime="1498620338"><status state="up" reason="arp-response" reason_ttl="0"/>
<address addr="10.52.8.22" addrtype="ipv4"/>
<address addr="58:20:B1:DF:E4:0F" addrtype="mac" vendor="Hewlett Packard"/>
<hostnames>
</hostnames>
<ports><extraports state="closed" count="991">
<extrareasons reason="resets" count="991"/>
</extraports>
<port protocol="tcp" portid="80"><state state="open" reason="syn-ack" reason_ttl="64"/><service name="http" method="table" conf="3"/></port>
<port protocol="tcp" portid="139"><state state="open" reason="syn-ack" reason_ttl="64"/><service name="netbios-ssn" method="table" conf="3"/></port>
<port protocol="tcp" portid="443"><state state="open" reason="syn-ack" reason_ttl="64"/><service name="https" method="table" conf="3"/></port>
<port protocol="tcp" portid="445"><state state="open" reason="syn-ack" reason_ttl="64"/><service name="microsoft-ds" method="table" conf="3"/></port>
<port protocol="tcp" portid="515"><state state="open" reason="syn-ack" reason_ttl="64"/><service name="printer" method="table" conf="3"/></port>
<port protocol="tcp" portid="631"><state state="open" reason="syn-ack" reason_ttl="64"/><service name="ipp" method="table" conf="3"/></port>
<port protocol="tcp" portid="8080"><state state="open" reason="syn-ack" reason_ttl="64"/><service name="http-proxy" method="table" conf="3"/></port>
<port protocol="tcp" portid="9100"><state state="open" reason="syn-ack" reason_ttl="64"/><service name="jetdirect" method="table" conf="3"/></port>
<port protocol="tcp" portid="9220"><state state="open" reason="syn-ack" reason_ttl="64"/><service name="unknown" method="table" conf="3"/></port>
</ports>
<times srtt="1631" rttvar="1115" to="100000"/>
</host>
<runstats><finished time="1498620339" timestr="Tue Jun 27 20:25:39 2017" elapsed="15.21" summary="Nmap done at Tue Jun 27 20:25:39 2017; 1 IP address (1 host up) scanned in 15.21 seconds" exit="success"/><hosts up="1" down="0" total="1"/>
</runstats>
</nmaprun>
mhubbard@1S1K-SYS76:~/Dropbox/Python/Scripts$ python3 nmap3.py

Running Python version ----> 3.6.0 

0 - Download Cisco Configs using SNMP -- https://nmap.org/nsedoc/scripts/snmp-ios-config.html
     -----------------
1 - Check Cipher Suites using ports 443, 465, 993 and 995 -- https://nmap.org/nsedoc/scripts/ssl-enum-ciphers.html
     -----------------
2 - Display SSH fingerprint (Host Keys) on an SSh server -- https://nmap.org/nsedoc/scripts/ssh-hostkey.html
     -----------------
3 - Performs routing information gathering through Cisco's (EIGRP) Protocol -- https://nmap.org/nsedoc/scripts/broadcast-eigrp-discovery.html
     -----------------
4 - Display DHCP with the NMAP DHCP-Discover scripts -- https://nmap.org/nsedoc/scripts/dhcp-discover.html 
    https://nmap.org/nsedoc/scripts/broadcast-dhcp-discover.html
    Display IPv6 DHCP with a broadcast discover -- https://nmap.org/nsedoc/scripts/broadcast-dhcp6-discover.html
     -----------------
5 - Nmap script to find vulnerable Samba devices such as a printer, NAS or any device that allows Windows clients to connect.
     -----------------
6 - Brute Forcing Telnet with NMAP - Requires files of users and guesses -- https://nmap.org/nsedoc/scripts/telnet-brute.html
     -----------------
7 - EMS - Environmental Monitoring Systems using scripts from https://github.com/digitalbond/Redpoint#enip-enumeratense
     -----------------
8 - DNS Broadcast Discover -- broadcast-dns-service-discovery
     -----------------
9 - Banner Grab using banner-plus from HD Moore -- https://github.com/hdm/scan-tools/blob/master/nse/banner-plus.nse
     -----------------
10 - NTP Monlist - Pull down NTP server information -- https://nmap.org/nsedoc/scripts/ntp-monlist.html
     -----------------
11 - NTP INFO - Pull down general NTP information -- https://nmap.org/nsedoc/scripts/ntp-info.html
     -----------------
12 - DNS Brute - Enumerate DNS hostnames by brute force guessing of common subdomains -- https://nmap.org/nsedoc/scripts/dns-brute.html
     -----------------
13 - SMB - Various scripts for SMB servers. Make sure you are running nmap 7.50+ as there are a lot of fixes in 7.50.
     -----------------
14 - SNMP - Is SNMP running on a Windows machine -- https://nmap.org/nsedoc/scripts/snmp-processes.html
            Grab HP printer password
     -----------------
15 - Scan for MS17-010 Wannacry vulnerability -- https://nmap.org/nsedoc/scripts/smb-vuln-ms17-010.html
     -----------------
16 - MSSQL - Attempt to determine version, config info and check for blank password -- https://nmap.org/nsedoc/scripts/ms-sql-info.html
     -----------------
17 - Check for SSH V1 -- https://nmap.org/nsedoc/scripts/sshv1.html

Are you running Linux [y/n] y
Input a number to select a script 13
Enter the IP Address [192.168.10.51]: 10.52.8.22
<><><><><><><><><><><><><><><><><><><><><><><><><><><><><><><><><><><><><><><><><><><><><><>

nmap -p445 --script=smb-os-discovery.nse 10.52.8.22
nmap -p445 --script=smb-enum-users.nse 10.52.8.22
nmap -F -d --script smb-enum-shares --script-args smbuser=username,smbdomain=domain,smbpass=password 10.52.8.22
nmap -p445 --script=smb-brute --script-args=userdb=usernames.txt 10.52.8.22
nmap -p445 --script=smb-pwdump --script-args=smbuser=administrator,smbpass=dVd0brx1,rcrack=rcrack,rtable=*.rt 10.52.8.22
nmap -p445 --script=smb-brute --script-args=userdb=usernames.txt,passdb=hashes.txt 10.52.8.22
nmap -p445 --script=smb-pwdump --script-args=smbuser=administrator,smbhash=dVd0brx1,rcrack=rcrack,rtable=*.rt 10.52.8.22
nmap -p445 --script=smb-enum-shares,smb-ls 10.52.8.22
nmap -p445 --script=smb-ls --script-args share=c$,path=\temp 10.52.8.22
nmap -p445 --script=smb-mbenum 10.52.8.22
nmap -p445 --script=smb-security-mode.nse 10.52.8.22
sudo nmap -p U:137,T:139 -sU -sS --script=smb-security-mode.nse 10.52.8.22
nmap -p445 --script=smbv2-enabled.nse 10.52.8.22
sudo nmap-p U:137,T:139 -sU -sS --script=smbv2-enabled.nse 10.52.8.22

<><><><><><><><><><><><><><><><><><><><><><><><><><><><><><><><><><><><><><><><><><><><><><>
mhubbard@1S1K-SYS76:~/Dropbox/Python/Scripts$ nmap --script=smb-os-discovery.nse 10.52.8.22

Starting Nmap 7.50 ( https://nmap.org ) at 2017-06-27 20:27 PDT
Nmap scan report for 10.52.8.22
Host is up (0.81s latency).
Not shown: 991 closed ports
PORT     STATE SERVICE
80/tcp   open  http
139/tcp  open  netbios-ssn
443/tcp  open  https
445/tcp  open  microsoft-ds
515/tcp  open  printer
631/tcp  open  ipp
8080/tcp open  http-proxy
9100/tcp open  jetdirect
9220/tcp open  unknown

Nmap done: 1 IP address (1 host up) scanned in 14.35 seconds
mhubbard@1S1K-SYS76:~/Dropbox/Python/Scripts$ nmap -p445 --script=smb-os-discovery.nse 10.52.8.22

Starting Nmap 7.50 ( https://nmap.org ) at 2017-06-27 20:28 PDT
Nmap scan report for 10.52.8.22
Host is up (0.00055s latency).

PORT    STATE SERVICE
445/tcp open  microsoft-ds

Nmap done: 1 IP address (1 host up) scanned in 13.21 seconds
mhubbard@1S1K-SYS76:~/Dropbox/Python/Scripts$ nmap -p445 --script=smb-enum-users.nse 10.52.8.22

Starting Nmap 7.50 ( https://nmap.org ) at 2017-06-27 20:28 PDT
Nmap scan report for 10.52.8.22
Host is up (0.00058s latency).

PORT    STATE SERVICE
445/tcp open  microsoft-ds

Nmap done: 1 IP address (1 host up) scanned in 13.20 seconds
mhubbard@1S1K-SYS76:~/Dropbox/Python/Scripts$ nmap -F -d --script smb-enum-shares 10.52.8.22

Starting Nmap 7.50 ( https://nmap.org ) at 2017-06-27 20:29 PDT
PORTS: Using top 100 ports found open (TCP:100, UDP:0, SCTP:0)
--------------- Timing report ---------------
  hostgroups: min 1, max 100000
  rtt-timeouts: init 1000, min 100, max 10000
  max-scan-delay: TCP 1000, UDP 1000, SCTP 1000
  parallelism: min 0, max 0
  max-retries: 10, host-timeout: 0
  min-rate: 0, max-rate: 0
---------------------------------------------
NSE: Using Lua 5.3.
NSE: Arguments from CLI: 
NSE: Loaded 1 scripts for scanning.
NSE: Script Pre-scanning.
NSE: Starting runlevel 1 (of 1) scan.
Initiating NSE at 20:29
Completed NSE at 20:29, 0.00s elapsed
Initiating Ping Scan at 20:29
Scanning 10.52.8.22 [2 ports]
Completed Ping Scan at 20:29, 0.00s elapsed (1 total hosts)
Overall sending rates: 3773.58 packets / s.
mass_rdns: Using DNS server 127.0.1.1
Initiating Parallel DNS resolution of 1 host. at 20:29
mass_rdns: 13.00s 0/1 [#: 1, OK: 0, NX: 0, DR: 0, SF: 0, TR: 3]
Completed Parallel DNS resolution of 1 host. at 20:29, 13.00s elapsed
DNS resolution of 1 IPs took 13.00s. Mode: Async [#: 1, OK: 0, NX: 0, DR: 1, SF: 0, TR: 3, CN: 0]
Initiating Connect Scan at 20:29
Scanning 10.52.8.22 [100 ports]
Discovered open port 8080/tcp on 10.52.8.22
Discovered open port 445/tcp on 10.52.8.22
Discovered open port 139/tcp on 10.52.8.22
Discovered open port 80/tcp on 10.52.8.22
Discovered open port 443/tcp on 10.52.8.22
Discovered open port 515/tcp on 10.52.8.22
Discovered open port 9100/tcp on 10.52.8.22
Discovered open port 631/tcp on 10.52.8.22
Completed Connect Scan at 20:29, 0.01s elapsed (100 total ports)
Overall sending rates: 7398.64 packets / s.
NSE: Script scanning 10.52.8.22.
NSE: Starting runlevel 1 (of 1) scan.
Initiating NSE at 20:29
NSE: Starting smb-enum-shares against 10.52.8.22.
NSE: [smb-enum-shares 10.52.8.22] SMB: Attempting to log into the system to enumerate shares
NSE: [smb-enum-shares 10.52.8.22] SMB: Added account '' to account list
NSE: [smb-enum-shares 10.52.8.22] SMB: Added account 'guest' to account list
NSE: [smb-enum-shares 10.52.8.22] SMB: Enumerating shares failed, guessing at common ones (SMB: ERROR: Server returned less data than it was supposed to (one or more fields are missing); aborting [14])
NSE: Finished smb-enum-shares against 10.52.8.22.
Completed NSE at 20:29, 0.03s elapsed
Nmap scan report for 10.52.8.22
Host is up, received syn-ack (0.0055s latency).
Scanned at 2017-06-27 20:29:45 PDT for 13s

PORT      STATE  SERVICE          REASON
7/tcp     closed echo             conn-refused
9/tcp     closed discard          conn-refused
13/tcp    closed daytime          conn-refused
21/tcp    closed ftp              conn-refused
22/tcp    closed ssh              conn-refused
23/tcp    closed telnet           conn-refused
25/tcp    closed smtp             conn-refused
26/tcp    closed rsftp            conn-refused
37/tcp    closed time             conn-refused
53/tcp    closed domain           conn-refused
79/tcp    closed finger           conn-refused
80/tcp    open   http             syn-ack
81/tcp    closed hosts2-ns        conn-refused
88/tcp    closed kerberos-sec     conn-refused
106/tcp   closed pop3pw           conn-refused
110/tcp   closed pop3             conn-refused
111/tcp   closed rpcbind          conn-refused
113/tcp   closed ident            conn-refused
119/tcp   closed nntp             conn-refused
135/tcp   closed msrpc            conn-refused
139/tcp   open   netbios-ssn      syn-ack
143/tcp   closed imap             conn-refused
144/tcp   closed news             conn-refused
179/tcp   closed bgp              conn-refused
199/tcp   closed smux             conn-refused
389/tcp   closed ldap             conn-refused
427/tcp   closed svrloc           conn-refused
443/tcp   open   https            syn-ack
444/tcp   closed snpp             conn-refused
445/tcp   open   microsoft-ds     syn-ack
465/tcp   closed smtps            conn-refused
513/tcp   closed login            conn-refused
514/tcp   closed shell            conn-refused
515/tcp   open   printer          syn-ack
543/tcp   closed klogin           conn-refused
544/tcp   closed kshell           conn-refused
548/tcp   closed afp              conn-refused
554/tcp   closed rtsp             conn-refused
587/tcp   closed submission       conn-refused
631/tcp   open   ipp              syn-ack
646/tcp   closed ldp              conn-refused
873/tcp   closed rsync            conn-refused
990/tcp   closed ftps             conn-refused
993/tcp   closed imaps            conn-refused
995/tcp   closed pop3s            conn-refused
1025/tcp  closed NFS-or-IIS       conn-refused
1026/tcp  closed LSA-or-nterm     conn-refused
1027/tcp  closed IIS              conn-refused
1028/tcp  closed unknown          conn-refused
1029/tcp  closed ms-lsa           conn-refused
1110/tcp  closed nfsd-status      conn-refused
1433/tcp  closed ms-sql-s         conn-refused
1720/tcp  closed h323q931         conn-refused
1723/tcp  closed pptp             conn-refused
1755/tcp  closed wms              conn-refused
1900/tcp  closed upnp             conn-refused
2000/tcp  closed cisco-sccp       conn-refused
2001/tcp  closed dc               conn-refused
2049/tcp  closed nfs              conn-refused
2121/tcp  closed ccproxy-ftp      conn-refused
2717/tcp  closed pn-requester     conn-refused
3000/tcp  closed ppp              conn-refused
3128/tcp  closed squid-http       conn-refused
3306/tcp  closed mysql            conn-refused
3389/tcp  closed ms-wbt-server    conn-refused
3986/tcp  closed mapper-ws_ethd   conn-refused
4899/tcp  closed radmin           conn-refused
5000/tcp  closed upnp             conn-refused
5009/tcp  closed airport-admin    conn-refused
5051/tcp  closed ida-agent        conn-refused
5060/tcp  closed sip              conn-refused
5101/tcp  closed admdog           conn-refused
5190/tcp  closed aol              conn-refused
5357/tcp  closed wsdapi           conn-refused
5432/tcp  closed postgresql       conn-refused
5631/tcp  closed pcanywheredata   conn-refused
5666/tcp  closed nrpe             conn-refused
5800/tcp  closed vnc-http         conn-refused
5900/tcp  closed vnc              conn-refused
6000/tcp  closed X11              conn-refused
6001/tcp  closed X11:1            conn-refused
6646/tcp  closed unknown          conn-refused
7070/tcp  closed realserver       conn-refused
8000/tcp  closed http-alt         conn-refused
8008/tcp  closed http             conn-refused
8009/tcp  closed ajp13            conn-refused
8080/tcp  open   http-proxy       syn-ack
8081/tcp  closed blackice-icecap  conn-refused
8443/tcp  closed https-alt        conn-refused
8888/tcp  closed sun-answerbook   conn-refused
9100/tcp  open   jetdirect        syn-ack
9999/tcp  closed abyss            conn-refused
10000/tcp closed snet-sensor-mgmt conn-refused
32768/tcp closed filenet-tms      conn-refused
49152/tcp closed unknown          conn-refused
49153/tcp closed unknown          conn-refused
49154/tcp closed unknown          conn-refused
49155/tcp closed unknown          conn-refused
49156/tcp closed unknown          conn-refused
49157/tcp closed unknown          conn-refused

Host script results:
| smb-enum-shares: 
|_  ERROR: Couldn't enumerate shares: SMB: ERROR: Server returned less data than it was supposed to (one or more fields are missing); aborting [14]
Final times for host: srtt: 5510 rttvar: 168  to: 100000

NSE: Script Post-scanning.
NSE: Starting runlevel 1 (of 1) scan.
Initiating NSE at 20:29
Completed NSE at 20:29, 0.00s elapsed
Read from /usr/local/bin/../share/nmap: nmap-payloads nmap-services.
Nmap done: 1 IP address (1 host up) scanned in 13.26 seconds
mhubbard@1S1K-SYS76:~/Dropbox/Python/Scripts$ 

